===== npm test (invoice self-tests) =====

> @402/protocol@0.3.0 test
> tsx test/selftest.ts

PASS  valid invoice verifies — []
PASS  id matches payload hash — recomputed id check
PASS  tampered amount rejected — signature does not recover to the issuer address; invoice id does not match the payload hash (tampered?)
PASS  tampered id rejected — invoice id does not match the payload hash (tampered?)
PASS  expired invoice rejected — invoice is expired
PASS  wrong token rejected — token is not the verified native USDC on Ink (0x2D270e6886d130D724215A266106e6832161EAEd)
PASS  wrong chainId rejected — chainId is not Ink (57073)
PASS  signing with non-issuer key throws
PASS  zero nonce rejected — nonce must be nonzero
PASS  JSON round trip parses cleanly
PASS  JSON round trip stays valid
PASS  parse fails soft on not JSON — invalid JSON: Unexpected token 'h', "this is not json{" is not valid JSON
PASS  parse fails soft on JSON array — expected a JSON object
PASS  parse fails soft on missing invoice — missing "invoice" object
PASS  parse fails soft on bad signature — missing or invalid "signature"
PASS  parse fails soft on bad bigint — invalid bigint field: Cannot convert zzz to a BigInt

All self-tests passed.
exit=0
===== npm run test:facilitator =====

> @402/protocol@0.3.0 test:facilitator
> tsx test/facilitator.test.ts

  ok: valid authorization verifies
  ok: tampered value -> amount_mismatch
  ok: expired authorization -> authorization_expired
  ok: not-yet-valid authorization -> authorization_not_yet_valid
  ok: replayed nonce -> nonce_replay
  ok: wrong token -> invalid_asset
  ok: wrong chain -> invalid_network
  ok: wrong scheme -> unsupported_scheme
  ok: signer != from -> invalid_exact_evm_payload_signature
  ok: recipient mismatch -> recipient_mismatch
  ok: corrupt signature -> invalid signature
  ok: payload/requirements mismatch -> requirements_mismatch
  ok: chain config matches live Ink USDC domain
  ok: dry-run settle constructs + simulates, never broadcasts
  ok: settle without settler key is refused
  ok: GET /supported lists Ink exact
  ok: POST /verify over HTTP
  ok: POST /settle without settler key -> 503
  ok: GET /demo/data without payment -> 402 + PAYMENT-REQUIRED
  ok: GET /demo/data with valid PAYMENT-SIGNATURE -> 200 (dry-run)
  ok: H1: /verify does not consume the nonce — /settle proceeds after /verify
  ok: H2: NonceStore survives past 10,000 entries (sweep uses real time)
  ok: H2: sweep still evicts genuinely expired entries
  ok: L1: demo dry-run consumes the nonce — same signature twice is denied
  ok: L3: /settle rate limit returns 429 when exceeded
  ok: L3: oversized JSON body is rejected with 413
  ok: M1: /settle without API key -> 401
  ok: M1: /settle with wrong API key -> 401
  ok: M1: /settle with valid API key proceeds (dry-run)
  ok: M1: /settle accepts Authorization: Bearer key
  ok: M1: /settle accepts ?api_key= query param
  ok: M1: /settle fail-closed when no keys configured -> 503

32 facilitator tests passed
exit=0
exit=0
===== npm run test:lounge =====

> @402/protocol@0.3.0 test:lounge
> tsx test/lounge.test.ts

  ok: config: throws clear error when LOUNGE_TREASURY unset
  ok: config: throws on malformed treasury address
  ok: config: parses fee units from LOUNGE_POST_FEE_USDC
  ok: config: rejects bad fee format
  ok: post: valid signature + payment -> 201 with id
  ok: post: signature from another key -> 401
  ok: post: tampered title after signing -> 401
  ok: post: stale timestamp (10 min old) -> 401
  ok: post: future timestamp (+10 min) -> 401
  ok: post: title >140 chars -> 400
  ok: post: body >2000 chars -> 400
  ok: payment: wrong recipient -> 402
  ok: payment: amount below fee -> 402
  ok: payment: overpaying the fee is accepted
  ok: payment: transfer from wrong token contract -> 402
  ok: payment: reverted tx -> 402
  ok: payment: missing receipt -> 402
  ok: payment: malformed tx hash -> 400
  ok: payment: reused tx hash -> 409 on second post
  ok: vote: +1 then -1 replaces (no double count)
  ok: vote: re-vote same direction is a no-op
  ok: vote: invalid direction -> 400
  ok: vote: missing post -> 404
  ok: vote: signed for post A, submitted to post B -> 401
  ok: comments: flat chronological list + commentCount
  ok: comments: body >1000 chars -> 400
  ok: comments: parentId from another post -> 400
  ok: comments: missing post -> 404
  ok: sort: new orders by createdAt desc
  ok: sort: top orders by score desc
  ok: sort: hot prefers fresh over stale at equal gravity
  ok: feed: limit + cursor paginate
  ok: ratelimit: 2nd post within 60s -> 429
  ok: ratelimit: 6th comment within 60s -> 429
  ok: ratelimit: 21st vote within 60s -> 429
  ok: ratelimit: unit — fixed window resets
  ok: xss: html in title/body is escaped on output
  ok: hardening: body >32KB -> 413
  ok: hardening: invalid JSON -> 400
  ok: health: GET /lounge/health -> { ok: true }
  ok: mount: facilitator createApp mounts /lounge when configured
  ok: mount: no /lounge routes without lounge config

42 lounge tests passed
npm-exit=0
===== npm run typecheck (tsc --noEmit) =====

> @402/protocol@0.3.0 typecheck
> tsc --noEmit

tsc-exit=0
===== forge test (contracts) =====
/bin/bash: line 1: forge: command not found
forge-exit=127
===== forge test (contracts, PATH fixed to ~/.foundry/bin) =====
No files changed, compilation skipped

Ran 44 tests for test/sol/AgentEscrow.t.sol:AgentEscrowTest
[PASS] test_Claim_DoubleClaimReverts() (gas: 484791)
[PASS] test_Claim_OnlyClaimantMovesTheirEntry() (gas: 432252)
[PASS] test_Claim_RevertsWithNothingToClaim() (gas: 270328)
[PASS] test_ConfirmDelivery_AllowedDuringGraceWindow() (gas: 291108)
[PASS] test_ConfirmDelivery_HappyPath() (gas: 290260)
[PASS] test_ConfirmDelivery_RevertsForNonProvider() (gas: 267171)
[PASS] test_ConfirmDelivery_RevertsWhenNotFunded() (gas: 301311)
[PASS] test_Constructor_RevertsOnHighFee() (gas: 13878)
[PASS] test_Constructor_RevertsOnZeroAddress() (gas: 11645)
[PASS] test_Constructor_RevertsWhenTokenHasNoCode() (gas: 13753)
[PASS] test_Constructor_SetsNewParams() (gas: 44835)
[PASS] test_CreateJob_HappyPath() (gas: 281803)
[PASS] test_CreateJob_RevertsOnPastDeadline() (gas: 42227)
[PASS] test_CreateJob_RevertsOnSelfDealing() (gas: 40550)
[PASS] test_CreateJob_RevertsOnSelfDealing_AtDustAmount() (gas: 40696)
[PASS] test_CreateJob_RevertsOnUnknownJob() (gas: 13811)
[PASS] test_CreateJob_RevertsOnZeroAmount() (gas: 42305)
[PASS] test_CreateJob_RevertsOnZeroProvider() (gas: 39803)
[PASS] test_Dispute_RevertsForNonArbiter() (gas: 307350)
[PASS] test_Dispute_RevertsShareTooHigh() (gas: 309549)
[PASS] test_Dispute_Split_ProviderKeepsMajority() (gas: 620967)
[PASS] test_Dispute_WonByPayer() (gas: 523525)
[PASS] test_RaiseDispute_AllowedDuringGraceWindow() (gas: 293708)
[PASS] test_RaiseDispute_FromDelivered_ByPayer() (gas: 324826)
[PASS] test_RaiseDispute_RevertsForThirdParty() (gas: 269341)
[PASS] test_Reentrancy_AttackFails() (gas: 1651684)
[PASS] test_Refund_AfterGraceWindow() (gas: 403489)
[PASS] test_Refund_OpensExactlyAtDeadlinePlusDelay() (gas: 322722)
[PASS] test_Refund_RevertsBeforeDeadline() (gas: 272828)
[PASS] test_Refund_RevertsDuringGraceWindow() (gas: 294867)
[PASS] test_Refund_RevertsWhenDelivered() (gas: 487538)
[PASS] test_Release_FeeRecipientIsProvider_ClaimsAccumulate() (gas: 511691)
[PASS] test_Release_HappyPath_FeeMathExact() (gas: 656720)
[PASS] test_Release_RevertsForNonPayer() (gas: 306457)
[PASS] test_Release_RevertsOnDoubleRelease() (gas: 421737)
[PASS] test_Release_RevertsWhenNotDelivered() (gas: 272703)
[PASS] test_Rotation_ArbiterItselfCanPropose() (gas: 108894)
[PASS] test_Rotation_CancelClearsProposal() (gas: 134980)
[PASS] test_Rotation_CancelRevertsForNonProposer() (gas: 89345)
[PASS] test_Rotation_ConfirmWithoutProposalReverts() (gas: 34393)
[PASS] test_Rotation_GuardianProposes_AnyoneConfirmsAfterDelay() (gas: 580938)
[PASS] test_Rotation_ReproposeRestartsTimelock() (gas: 161214)
[PASS] test_Rotation_RevertsForNonProposer() (gas: 67434)
[PASS] test_Rotation_RevertsOnZeroAddress() (gas: 35010)
Suite result: ok. 44 passed; 0 failed; 0 skipped; finished in 23.55ms (9.47ms CPU time)

Ran 3 tests for test/sol/AgentEscrow.t.sol:ReputationTest
[PASS] test_OnlyEscrowCanRecord() (gas: 54835)
[PASS] test_ScoreMath() (gas: 180872)
[PASS] test_ScoreZeroWithNoHistory() (gas: 27164)
Suite result: ok. 3 passed; 0 failed; 0 skipped; finished in 764.35µs (414.71µs CPU time)

Ran 8 tests for test/sol/AgentEscrowFuzz.t.sol:AgentEscrowFuzz
[PASS] testFuzz_BlocklistedFeeRecipientBricksOnlyItself(uint256) (runs: 256, μ: 642849, ~: 643082)
[PASS] testFuzz_BlocklistedPayerDoesNotBlockProviderDisputeClaim(uint256,uint256) (runs: 256, μ: 657389, ~: 670770)
[PASS] testFuzz_BlocklistedProviderDoesNotBrickOthers(uint256) (runs: 256, μ: 805476, ~: 805709)
[PASS] testFuzz_ConstructorRejectsHighFee(uint256) (runs: 256, μ: 14452, ~: 14278)
[PASS] testFuzz_DisputeSplitConservation(uint256,uint256) (runs: 256, μ: 723884, ~: 734718)
[PASS] testFuzz_FeeNeverExceedsCap(uint256,uint256) (runs: 256, μ: 679201, ~: 693239)
[PASS] testFuzz_RefundOnlyAfterDeadlinePlusGrace(uint256,uint256) (runs: 256, μ: 395456, ~: 356774)
[PASS] testFuzz_SelfDealReverts(uint256) (runs: 256, μ: 151079, ~: 151690)
Suite result: ok. 8 passed; 0 failed; 0 skipped; finished in 966.85ms (956.30ms CPU time)

Ran 1 test for test/sol/AgentEscrowFuzz.t.sol:AgentEscrowInvariants
[PASS]
AgentEscrowInvariants invariants:
[PASS] invariant_ActorBalancesExact
[PASS] invariant_ClaimAccounting
[PASS] invariant_ConservationOfFunds
[PASS] invariant_FeesWithinCap
[PASS] invariant_ReputationScoreBounded
[PASS] invariant_StateMachineIntegrity
 AgentEscrowInvariants invariants (runs: 256, calls: 128000, reverts: 0)

╭---------------+-------------------------+-------+---------+----------╮
| Contract      | Selector                | Calls | Reverts | Discards |
+======================================================================+
| EscrowHandler | opBlocklistActor        | 11478 | 0       | 0        |
|---------------+-------------------------+-------+---------+----------|
| EscrowHandler | opBlocklistFeeRecipient | 11715 | 0       | 0        |
|---------------+-------------------------+-------+---------+----------|
| EscrowHandler | opClaim                 | 11614 | 0       | 0        |
|---------------+-------------------------+-------+---------+----------|
| EscrowHandler | opCreate                | 11659 | 0       | 0        |
|---------------+-------------------------+-------+---------+----------|
| EscrowHandler | opDeliver               | 11739 | 0       | 0        |
|---------------+-------------------------+-------+---------+----------|
| EscrowHandler | opDispute               | 11554 | 0       | 0        |
|---------------+-------------------------+-------+---------+----------|
| EscrowHandler | opPause                 | 11698 | 0       | 0        |
|---------------+-------------------------+-------+---------+----------|
| EscrowHandler | opRefund                | 11701 | 0       | 0        |
|---------------+-------------------------+-------+---------+----------|
| EscrowHandler | opRelease               | 11686 | 0       | 0        |
|---------------+-------------------------+-------+---------+----------|
| EscrowHandler | opResolve               | 11467 | 0       | 0        |
|---------------+-------------------------+-------+---------+----------|
| EscrowHandler | opWarp                  | 11689 | 0       | 0        |
╰---------------+-------------------------+-------+---------+----------╯

Suite result: ok. 1 passed; 0 failed; 0 skipped; finished in 164.08s (164.07s CPU time)

Ran 4 test suites in 164.11s (165.07s CPU time): 56 tests passed, 0 failed, 0 skipped (56 total tests)
forge-exit=0
